// Vitest Snapshot v1, https://vitest.dev/guide/snapshot.html

exports[`Header > should render 1`] = `
<div>
  <header
    class="w-full md:max-w-5xl mx-auto"
  >
    <div
      class="grid md:grid-cols-[145px_1fr] items-center py-6 px-4 md:px-0 md:py-8 gap-6"
    >
      <div
        class="hidden md:block border-r border-black border-dashed pr-4 h-full"
      >
        <div
          class="relative w-16 h-16 sm:w-24 sm:h-24 lg:w-32 lg:h-32 rounded-full border border-gray-200 shadow-sm"
        >
          <img
            alt="Emirhan profile picture"
            class="object-cover rounded-full"
            data-nimg="fill"
            decoding="async"
            sizes="100vw"
            src="/_next/image?url=%2Fpp.png&w=3840&q=75"
            srcset="/_next/image?url=%2Fpp.png&w=640&q=75 640w, /_next/image?url=%2Fpp.png&w=750&q=75 750w, /_next/image?url=%2Fpp.png&w=828&q=75 828w, /_next/image?url=%2Fpp.png&w=1080&q=75 1080w, /_next/image?url=%2Fpp.png&w=1200&q=75 1200w, /_next/image?url=%2Fpp.png&w=1920&q=75 1920w, /_next/image?url=%2Fpp.png&w=2048&q=75 2048w, /_next/image?url=%2Fpp.png&w=3840&q=75 3840w"
            style="position: absolute; height: 100%; width: 100%; left: 0px; top: 0px; right: 0px; bottom: 0px; color: transparent;"
          />
        </div>
      </div>
      <div
        class="flex items-center justify-between"
      >
        <h1
          class="text-2xl font-bold"
        >
          emrhnkml.
        </h1>
        <time
          datetime="September 21, 2025"
        >
          September 21, 2025
        </time>
      </div>
    </div>
  </header>
</div>
`;
