// Vitest Snapshot v1, https://vitest.dev/guide/snapshot.html

exports[`SideBarNavigation > should render 1`] = `
<div>
  <aside
    class="hidden lg:block border-b md:border-b-0 md:border-r border-black border-dashed md:pr-4"
  >
    <nav
      class="flex md:flex-col items-end gap-4 py-4 md:py-0 md:pr-4"
    >
      <a
        class="text-gray-700 hover:text-gray-900 transition-colors duration-150 underline text-xl uppercase"
        href="/"
      >
        About
      </a>
      <a
        class="text-gray-700 hover:text-gray-900 transition-colors duration-150 underline text-xl uppercase"
        href="/socials"
      >
        Socials
      </a>
    </nav>
  </aside>
</div>
`;
